// Jest Snapshot v1, https://goo.gl/fbAQLP

exports[`<Main /> should render the heading correctly 1`] = `
<h1
  class="m-2 text-4xl font-bold text-red-600"
>
  React Avan√ßado
</h1>
`;
